// Jest Snapshot v1, https://goo.gl/fbAQLP

exports[`App renders 1`] = `
<DocumentFragment>
  <div
    class="container"
  >
    <div
      class="greeting"
    >
      <h3
        class="greeting-title"
      >
        Welcome to the horse race!
      </h3>
      <button
        class="start-btn"
        data-testid="greeting-btn"
      >
        Start race
      </button>
    </div>
  </div>
</DocumentFragment>
`;
